
> box_webadmin@3.0.0 build
> next build

node:internal/modules/cjs/loader:1228
  throw err;
  ^

Error: Cannot find module '../server/require-hook'
Require stack:
- /Volumes/server_apps/box_v3/box_v3_webadmin/node_modules/.bin/next
    at Function._resolveFilename (node:internal/modules/cjs/loader:1225:15)
    at Function._load (node:internal/modules/cjs/loader:1055:27)
    at TracingChannel.traceSync (node:diagnostics_channel:322:14)
    at wrapModuleLoad (node:internal/modules/cjs/loader:220:24)
    at Module.require (node:internal/modules/cjs/loader:1311:12)
    at require (node:internal/modules/helpers:136:16)
    at Object.<anonymous> (/Volumes/server_apps/box_v3/box_v3_webadmin/node_modules/.bin/next:6:1)
    at Module._compile (node:internal/modules/cjs/loader:1554:14)
    at Object..js (node:internal/modules/cjs/loader:1706:10)
    at Module.load (node:internal/modules/cjs/loader:1289:32) {
  code: 'MODULE_NOT_FOUND',
  requireStack: [
    '/Volumes/server_apps/box_v3/box_v3_webadmin/node_modules/.bin/next'
  ]
}

Node.js v22.14.0
