
> box_v3_admin@0.1.0 lint
> eslint --format stylish


/media/faheem/WorkDrive500/box_v3/box_v3_webadmin/src/app/console/product/[prod_id]/variation/new/page.tsx
  79:36  error  Error: Cannot access refs during render

React refs are values that are not needed for rendering. Refs should only be accessed outside of render, such as in event handlers or effects. Accessing a ref value (the `current` property) during render can cause your component not to update as expected (https://react.dev/reference/react/useRef).

/media/faheem/WorkDrive500/box_v3/box_v3_webadmin/src/app/console/product/[prod_id]/variation/new/page.tsx:79:36
  77 |
  78 |     // Create a debounced function using useRef
> 79 |     const debouncedSetFormValues = useRef(
     |                                    ^^^^^^^
> 80 |         debounce((newValues) => {
     | ^^^^^^^^^^^^^^^^^^^^^^^^^^^^^^^^^
> 81 |             setFormValues(newValues); // Safely update the state
     | ^^^^^^^^^^^^^^^^^^^^^^^^^^^^^^^^^
> 82 |         }, 300) // Adjust delay as needed
     | ^^^^^^^^^^^^^^^^^^^^^^^^^^^^^^^^^
> 83 |     ).current;
     | ^^^^^^^^^^^^^^ Cannot access ref value during render
  84 |
  85 |     useEffect(() => {
  86 |         // Cleanup debounced function on unmount  react-hooks/refs
  79:36  error  Error: Cannot access refs during render

React refs are values that are not needed for rendering. Refs should only be accessed outside of render, such as in event handlers or effects. Accessing a ref value (the `current` property) during render can cause your component not to update as expected (https://react.dev/reference/react/useRef).

/media/faheem/WorkDrive500/box_v3/box_v3_webadmin/src/app/console/product/[prod_id]/variation/new/page.tsx:79:36
  77 |
  78 |     // Create a debounced function using useRef
> 79 |     const debouncedSetFormValues = useRef(
     |                                    ^^^^^^^
> 80 |         debounce((newValues) => {
     | ^^^^^^^^^^^^^^^^^^^^^^^^^^^^^^^^^
> 81 |             setFormValues(newValues); // Safely update the state
     | ^^^^^^^^^^^^^^^^^^^^^^^^^^^^^^^^^
> 82 |         }, 300) // Adjust delay as needed
     | ^^^^^^^^^^^^^^^^^^^^^^^^^^^^^^^^^
> 83 |     ).current;
     | ^^^^^^^^^^^^^^ Cannot access ref value during render
  84 |
  85 |     useEffect(() => {
  86 |         // Cleanup debounced function on unmount  react-hooks/refs

/media/faheem/WorkDrive500/box_v3/box_v3_webadmin/src/app/console/store/[store_id]/page.tsx
  8:51  error  The `{}` ("empty object") type allows any non-nullish value, including literals like `0` and `""`.
- If that's what you want, disable this lint rule with an inline comment or configure the 'allowObjectTypes' rule option.
- If you want a type meaning "any object", you probably want `object` instead.
- If you want a type meaning "any value", you probably want `unknown` instead  @typescript-eslint/no-empty-object-type

/media/faheem/WorkDrive500/box_v3/box_v3_webadmin/src/app/console/view_filter/components/AdvancedFiltersDrawer.tsx
  179:22  error  Error: Cannot call impure function during render

`Date.now` is an impure function. Calling an impure function can produce unstable results that update unpredictably when the component happens to re-render. (https://react.dev/reference/rules/components-and-hooks-must-be-pure#components-and-hooks-must-be-idempotent).

/media/faheem/WorkDrive500/box_v3/box_v3_webadmin/src/app/console/view_filter/components/AdvancedFiltersDrawer.tsx:179:22
  177 |     if (group) {
  178 |       const newGroup: FilterGroup = {
> 179 |         id: `group_${Date.now()}`,
      |                      ^^^^^^^^^^ Cannot call impure function
  180 |         logic: group.logic,
  181 |         conditions: group.conditions.map(c => ({
  182 |           ...c,  react-hooks/purity

/media/faheem/WorkDrive500/box_v3/box_v3_webadmin/src/app/console/view_filter/components/DynamicViewFilter.tsx
  260:24  error  Compilation Skipped: Existing memoization could not be preserved

React Compiler has skipped optimizing this component because the existing manual memoization could not be preserved. This value was memoized in source but not in compilation output.

/media/faheem/WorkDrive500/box_v3/box_v3_webadmin/src/app/console/view_filter/components/DynamicViewFilter.tsx:260:24
  258 |
  259 |   // Generate table columns
> 260 |   const tableColumns = useMemo(() => {
      |                        ^^^^^^^^^^^^^^^
> 261 |     if (!activeView || !entityConfig) return [];
      | ^^^^^^^^^^^^^^^^^^^^^^^^^^^^^^^^^^^^^^^^^^^^^^^^
> 262 |     return generateTableColumns(entityConfig, activeView.columns, entityType, customRenderers, customColumns).filter(col => col !== null);
      | ^^^^^^^^^^^^^^^^^^^^^^^^^^^^^^^^^^^^^^^^^^^^^^^^
> 263 |   }, [activeView, entityConfig, entityType, customRenderers, customColumns]);
      | ^^^^^^^^^^^^^^^^^^^^^^^^^^^^^^^^^^^^^^^^^^^^^^^^^^^^^^^^^^^^^^^^^^^^^^^^^^^^^ Could not preserve existing memoization
  264 |
  265 |   // Loading states
  266 |   if (configLoading) return <Card loading />;  react-hooks/preserve-manual-memoization
  263:7   error  Compilation Skipped: Existing memoization could not be preserved

React Compiler has skipped optimizing this component because the existing manual memoization could not be preserved. This dependency may be mutated later, which could cause the value to change unexpectedly.

/media/faheem/WorkDrive500/box_v3/box_v3_webadmin/src/app/console/view_filter/components/DynamicViewFilter.tsx:263:7
  261 |     if (!activeView || !entityConfig) return [];
  262 |     return generateTableColumns(entityConfig, activeView.columns, entityType, customRenderers, customColumns).filter(col => col !== null);
> 263 |   }, [activeView, entityConfig, entityType, customRenderers, customColumns]);
      |       ^^^^^^^^^^ This dependency may be modified later
  264 |
  265 |   // Loading states
  266 |   if (configLoading) return <Card loading />;                                                                                                                                                                                                                                                                                                     react-hooks/preserve-manual-memoization

/media/faheem/WorkDrive500/box_v3/box_v3_webadmin/src/components/form/DateField.jsx
  98:64  error  Error: Cannot reassign variables declared outside of the component/hook

Variable `value` is declared outside of the component/hook. Reassigning this value during render is a form of side effect, which can cause unpredictable behavior depending on when the component happens to re-render. If this variable is used in rendering, use useState instead. Otherwise, consider updating it in an effect. (https://react.dev/reference/rules/components-and-hooks-must-be-pure#side-effects-must-run-outside-of-render).

   96 |
   97 |                 // let value = input.value;
>  98 |                 if (input.value && _.isString(input.value[0])) value = [utcToDateField(value[0]), utcToDateField(value[1])];
      |                                                                ^^^^^ `value` cannot be reassigned
   99 |
  100 |                 return (
  101 |                     <div className={`${styles.field} ${styles.date}`} style={props.wrapperStyle}>  react-hooks/globals

✖ 7 problems (7 errors, 0 warnings)

