
> box_v3_admin@0.1.0 type-check
> tsc --noEmit --pretty false

src/app/console/store/[store_id]/baskets/components/baskets_list.tsx(19,32): error TS7031: Binding element 'basket' implicitly has an 'any' type.
src/app/console/store/[store_id]/baskets/components/baskets_list.tsx(19,40): error TS7031: Binding element 'onSuccess' implicitly has an 'any' type.
src/app/console/store/[store_id]/baskets/components/baskets_list.tsx(26,96): error TS7006: Parameter 'rr' implicitly has an 'any' type.
src/app/console/store/[store_id]/baskets/components/baskets_list.tsx(40,21): error TS7031: Binding element 'store' implicitly has an 'any' type.
src/app/console/store/[store_id]/baskets/components/baskets_list.tsx(52,32): error TS7006: Parameter 'id' implicitly has an 'any' type.
src/app/console/store/[store_id]/baskets/components/baskets_list.tsx(55,95): error TS7006: Parameter 'rr' implicitly has an 'any' type.
src/app/console/store/[store_id]/baskets/components/baskets_list.tsx(73,95): error TS7006: Parameter 'rr' implicitly has an 'any' type.
src/app/console/store/[store_id]/baskets/components/baskets_list.tsx(81,28): error TS7006: Parameter 'text' implicitly has an 'any' type.
src/app/console/store/[store_id]/baskets/components/baskets_list.tsx(81,34): error TS7006: Parameter 'record' implicitly has an 'any' type.
src/app/console/store/[store_id]/baskets/components/baskets_list.tsx(88,24): error TS7006: Parameter 'val' implicitly has an 'any' type.
src/app/console/store/[store_id]/baskets/components/baskets_list.tsx(89,27): error TS7006: Parameter 'item' implicitly has an 'any' type.
src/app/console/store/[store_id]/baskets/components/baskets_list.tsx(104,58): error TS7006: Parameter 'txt' implicitly has an 'any' type.
src/app/console/store/[store_id]/baskets/components/baskets_list.tsx(104,63): error TS7006: Parameter 'record' implicitly has an 'any' type.
src/app/console/store/[store_id]/baskets/components/baskets_list.tsx(115,57): error TS7006: Parameter '__' implicitly has an 'any' type.
src/app/console/store/[store_id]/baskets/components/baskets_list.tsx(115,61): error TS7006: Parameter 'rec' implicitly has an 'any' type.
src/app/console/store/[store_id]/baskets/components/baskets_list.tsx(145,52): error TS2339: Property 'length' does not exist on type 'never'.
src/app/console/store/[store_id]/baskets/components/baskets_list.tsx(158,17): error TS2322: Type '({ title: string; dataIndex: string; render: (txt: any, record: any) => Element; width?: undefined; align?: undefined; className?: undefined; } | { title: string; dataIndex: string; width: number; align: string; render?: undefined; className?: undefined; } | { ...; })[]' is not assignable to type '(ColumnGroupType<any> | ColumnType<any>)[]'.
  Type '{ title: string; dataIndex: string; render: (txt: any, record: any) => Element; width?: undefined; align?: undefined; className?: undefined; } | { title: string; dataIndex: string; width: number; align: string; render?: undefined; className?: undefined; } | { ...; }' is not assignable to type 'ColumnGroupType<any> | ColumnType<any>'.
    Type '{ title: string; dataIndex: string; width: number; align: string; render?: undefined; className?: undefined; }' is not assignable to type 'ColumnGroupType<any> | ColumnType<any>'.
      Type '{ title: string; dataIndex: string; width: number; align: string; render?: undefined; className?: undefined; }' is not assignable to type 'ColumnType<any>'.
        Types of property 'align' are incompatible.
          Type 'string' is not assignable to type 'AlignType | undefined'.
src/app/console/store/[store_id]/baskets/components/baskets_list.tsx(159,17): error TS2322: Type 'null' is not assignable to type 'readonly any[] | undefined'.
src/app/console/store/[store_id]/baskets/components/baskets_list.tsx(169,50): error TS2339: Property '_id' does not exist on type 'true'.
src/app/console/store/[store_id]/baskets/components/baskets_list.tsx(170,13): error TS2322: Type '{ onClose: () => void; open: boolean; store: any; initialValues: true | undefined; onSuccess: (val: any) => Promise<void>; }' is not assignable to type 'IntrinsicAttributes & { store: any; open: any; initialValues: any; onClose: any; }'.
  Property 'onSuccess' does not exist on type 'IntrinsicAttributes & { store: any; open: any; initialValues: any; onClose: any; }'.
src/app/console/store/[store_id]/orders/page.tsx(338,94): error TS2322: Type '({ onClick: () => Promise<void>; label: string; confirm: (message?: string | undefined) => boolean; } | { onClick: () => Promise<void>; label: string; })[]' is not assignable to type 'PopMenuItemProps[]'.
  Type '{ onClick: () => Promise<void>; label: string; confirm: (message?: string | undefined) => boolean; } | { onClick: () => Promise<void>; label: string; }' is not assignable to type 'PopMenuItemProps'.
    Type '{ onClick: () => Promise<void>; label: string; confirm: (message?: string) => boolean; }' is not assignable to type 'PopMenuItemProps'.
      Types of property 'confirm' are incompatible.
        Type '(message?: string | undefined) => boolean' is not assignable to type 'string | boolean | undefined'.
src/app/console/store/[store_id]/page.tsx(8,28): error TS2339: Property 'params' does not exist on type '{}'.
src/app/console/store/[store_id]/page.tsx(8,36): error TS2339: Property 'searchParams' does not exist on type '{}'.
src/app/console/store/[store_id]/staff/[user_id]/view/components/staffProfile.tsx(133,15): error TS2322: Type '{ children: Element[]; _title: string; }' is not assignable to type 'IntrinsicAttributes & CardProps & RefAttributes<HTMLDivElement>'.
  Property '_title' does not exist on type 'IntrinsicAttributes & CardProps & RefAttributes<HTMLDivElement>'. Did you mean 'title'?
src/app/console/store/[store_id]/staff/[user_id]/view/components/staffProfile.tsx(236,30): error TS7006: Parameter 'props' implicitly has an 'any' type.
src/app/console/store/[store_id]/staff/[user_id]/view/components/staffProfile.tsx(346,36): error TS7006: Parameter 'args' implicitly has an 'any' type.
src/app/console/store/[store_id]/till-verification/[orderId]/verify/components/AddBaskets.tsx(33,13): error TS2322: Type 'BasketInfo[]' is not assignable to type 'Basket[]'.
  Type 'BasketInfo' is not assignable to type 'Basket'.
    Types of property 'color' are incompatible.
      Type 'string | undefined' is not assignable to type 'string'.
        Type 'undefined' is not assignable to type 'string'.
src/app/console/store/[store_id]/till-verification/[orderId]/verify/page.tsx(390,23): error TS7031: Binding element 'onNavClick' implicitly has an 'any' type.
src/app/console/store/[store_id]/till-verification/[orderId]/verify/page.tsx(412,24): error TS7031: Binding element 'showBags' implicitly has an 'any' type.
src/app/console/store/[store_id]/till-verification/[orderId]/verify/page.tsx(412,34): error TS7031: Binding element 'showBaskets' implicitly has an 'any' type.
src/app/console/store/[store_id]/till-verification/[orderId]/verify/page.tsx(412,47): error TS7031: Binding element 'showPrint' implicitly has an 'any' type.
src/app/console/store/[store_id]/till-verification/[orderId]/verify/page.tsx(412,58): error TS7031: Binding element 'orderData' implicitly has an 'any' type.
src/app/console/store/[store_id]/till-verification/[orderId]/verify/page.tsx(412,69): error TS7031: Binding element 'orderId' implicitly has an 'any' type.
src/app/console/store/[store_id]/till-verification/[orderId]/verify/page.tsx(412,78): error TS7031: Binding element 'onShowExcessiveItem' implicitly has an 'any' type.
src/app/console/store/[store_id]/till-verification/[orderId]/verify/page.tsx(1278,63): error TS2322: Type '"blue" | null' is not assignable to type '"default" | "danger" | "blue" | "cyan" | "gold" | "green" | "lime" | "magenta" | "orange" | "pink" | "purple" | "red" | "yellow" | "primary" | "volcano" | "geekblue" | undefined'.
  Type 'null' is not assignable to type '"default" | "danger" | "blue" | "cyan" | "gold" | "green" | "lime" | "magenta" | "orange" | "pink" | "purple" | "red" | "yellow" | "primary" | "volcano" | "geekblue" | undefined'.
src/app/console/store/[store_id]/till-verification/[orderId]/verify/page.tsx(1279,61): error TS2322: Type '"blue" | null' is not assignable to type '"default" | "danger" | "blue" | "cyan" | "gold" | "green" | "lime" | "magenta" | "orange" | "pink" | "purple" | "red" | "yellow" | "primary" | "volcano" | "geekblue" | undefined'.
  Type 'null' is not assignable to type '"default" | "danger" | "blue" | "cyan" | "gold" | "green" | "lime" | "magenta" | "orange" | "pink" | "purple" | "red" | "yellow" | "primary" | "volcano" | "geekblue" | undefined'.
src/app/console/store/[store_id]/till-verification/[orderId]/verify/page.tsx(1280,65): error TS2322: Type '"blue" | null' is not assignable to type '"default" | "danger" | "blue" | "cyan" | "gold" | "green" | "lime" | "magenta" | "orange" | "pink" | "purple" | "red" | "yellow" | "primary" | "volcano" | "geekblue" | undefined'.
  Type 'null' is not assignable to type '"default" | "danger" | "blue" | "cyan" | "gold" | "green" | "lime" | "magenta" | "orange" | "pink" | "purple" | "red" | "yellow" | "primary" | "volcano" | "geekblue" | undefined'.
src/components/popMenu.tsx(62,36): error TS2322: Type 'string' is not assignable to type 'SizeType'.
src/components/popMenu.tsx(76,55): error TS2322: Type 'string' is not assignable to type '"default" | "circle" | "round" | "square" | undefined'.
src/modules/orders/tillVerification/BasketSelector.tsx(48,34): error TS2554: Expected 0 arguments, but got 1.
